// Jest Snapshot v1, https://goo.gl/fbAQLP

exports[`Drumpad component component rendering renders properly 1`] = `
<styled.table>
  <tbody>
    <tr
      key="hiHat"
      onClick={[Function]}
    >
      <td
        key="0"
        onClick={[Function]}
      >
        <span
          aria-label="hiHat"
          role="img"
        >
          🇹🇼
        </span>
      </td>
      <td
        key="1"
        onClick={[Function]}
      >
        <span
          aria-label="hiHat"
          role="img"
        >
          🇹🇼
        </span>
      </td>
      <td
        key="2"
        onClick={[Function]}
      >
        <span
          aria-label="hiHat"
          role="img"
        >
          🇹🇼
        </span>
      </td>
      <td
        key="3"
        onClick={[Function]}
      >
        <span
          aria-label="hiHat"
          role="img"
        >
          🇹🇼
        </span>
      </td>
    </tr>
    <tr
      key="bass"
      onClick={[Function]}
    >
      <td
        key="0"
        onClick={[Function]}
      >
        <span
          aria-label="bass"
          role="img"
        >
          🛢️
        </span>
      </td>
      <td
        key="1"
        onClick={[Function]}
      />
      <td
        key="2"
        onClick={[Function]}
      />
      <td
        key="3"
        onClick={[Function]}
      />
    </tr>
    <tr
      key="snare"
      onClick={[Function]}
    >
      <td
        key="0"
        onClick={[Function]}
      />
      <td
        key="1"
        onClick={[Function]}
      />
      <td
        key="2"
        onClick={[Function]}
      >
        <span
          aria-label="snare"
          role="img"
        >
          🥁
        </span>
      </td>
      <td
        key="3"
        onClick={[Function]}
      />
    </tr>
  </tbody>
</styled.table>
`;
