// Jest Snapshot v1, https://goo.gl/fbAQLP

exports[`Error component should render properly 1`] = `
<Fragment>
  <HelmetWrapper
    defer={true}
    encodeSpecialCharacters={true}
  >
    <title>
      Not Found
    </title>
  </HelmetWrapper>
  <h2>
    Not Found
  </h2>
  <h3>
    Requested file was not found
  </h3>
</Fragment>
`;
